chr17	50041122	<.	.	.	m84039_230117_233243_s1/234884533/ccs	60	-	source=foo;idx=0;n_aln=1;aln_len=14487,0;qlen=14396,0,411;mapq=60,0;elen=250,0,250;equal=27;eseq=ACTTTGGGAGGCCAAGGCAGGCGGATCACCTGAGATCAGGAGTTCAAGACCGTCCTGGCCCCATCCCATCTCTACTAAAAATACAAAAATTAGCTGGGTGTGGTGGCACACACCTGTAATTCCAGCTATTCAGGAGGCTGAGGCAGGAGAATTACTTGAACCCGGAACCCAGGAGGCGAAAGTTACTGTGAGCTGGGATTGCACCACTGCACTCCAGCCTGGGTGATAGAGTGAGATTACATCTCAAAAACAAACAAACAAAAATCCTGTGCATGAATGTCCACAGCAACGTTATTCATAATAGCACCCAAGTGGAAACAATCTAAGTACCCATCAGCTGGTGAACGGATAAACAGCATGTGGCACAGTCACACAACGGACTATTATTTGGCTATAAGGAATGAAGTGCTGACACATATTGTAGCGTATTGACACATGCTACAATATGAATGAATCTTGAAAACATGATCCTGAGTTTGAGAAGCCAGGTCCAAAAGGCC
chr17	26166413	<.	.	.	m84039_230117_233243_s1/234884627/ccs	2	+	source=foo;idx=0;n_aln=3;aln_len=4538,0;qlen=16257,0,663;mapq=2,0;elen=250,0,250;equal=40;eseq=ACTCTTTTTGTAGAAACTGCAAGTGGATATTTGGTCCTCTCTGAGGATTTCGTTGGAAACGGGATAAACCGCACAGAACTAAACAGAAGCATTCTCAGAACCTTCTTCGTGATGTCTGCATTCAACTCACAGTGTGGAACCTTTCTTTGATAGTTCAGGTTTGAAACACTCTTTTTGTAGAAACTGCAAGGGGATCATTGCACTTCTTTGAGGCCTACCGTAGTAAAGGAGATAACTTGCTATAAAAAGAAGACAGAAGCTTTCTCAGAAAATTCTTTGGGATGATTGAGTTGAGCAAACAGAGCTGAACACTCCTTGTGATGTAGCAGTTTAGAAACACACTTTCTGCAGAATCTGCAAGTGCATATGTGGACCTCTCTGAGGAATTCGTTGGAAACGGGATAATTTCAGCTGACTAAACAGAAGCAGTCTCAGAATCTTCTTTGTGATGTTTGCATTCAAATCCCTGAGTTGAACTTTCCTTTCAAAGTTCACGTTTG
chr17	26164871	<<	chr17	26170946	m84039_230117_233243_s1/234884627/ccs	1	-	source=foo;idx=1;n_aln=3;aln_len=4468,4538;qlen=15078,-3359,5201;mapq=1,2;elen=250,-3359,250
chr13	17090853	<<	chr17	26169339	m84039_230117_233243_s1/234884627/ccs	1	-	source=foo;idx=2;n_aln=3;aln_len=6656,4468;qlen=6651,3964,6305;mapq=1,1;elen=250,3964,250
chr17	49391063	><	chr2	85745673	m84039_230117_233243_s1/240521013/ccs	60	+	source=foo;idx=0;n_aln=2;aln_len=2359,15158;qlen=2359,0,15149;mapq=60,60;elen=250,0,250;equal=39;eseq=GGAGCCCGTCTGCTGACCCAGCAAGCCCTCACCCAGCTGGGAGATGCAAGGACTCCATCCCAGGGCAGCCCATGGTCCGGAGGGCCAGCCTGGGAGCAGCCATGCCAGATTGTCAGGAACAGGAGGTAGAGGAGTGACAACTTCCCCAAAGAGGTCAAAGCCACACATTCGTAATATGAAGCCACTGGGCAGCTCCAGGGGCCCAAGCATTGGCTTTCCCTTCACCCCAAAGGTTATTTCCTAAGACTCTACATTCACCCGTGAGAAAGTGAGCTCCCCTGCATGCCTAACATCCATCGCAGGCAAGAAAAACTGTCTCCCAGGGCCTCGATGAGCCCAATGAACATCAACGAGGGATGAGCCGGGAGGGCAGACAGTGAGCAAGCTGCTCATTAGGGCTCTGCTCATCAGGACCTAGTTGTCAACAGCCTAACCAGGCTTGGCTTGAGCCAGCGATCTCCTGGGAGCTGTTAGCAATCCCCGCAGATGTGCTTTGCGGC
